{
  "__class__": "LinkedHashMap",
  "data": {
    "__class__": "LinkedHashMap",
    "users": []
  }
}